// Vitest Snapshot v1, https://vitest.dev/guide/snapshot.html

exports[`AppBar.vue > should render 1`] = `
"<div class="v-application v-theme--light v-layout v-layout--full-height v-locale--is-ltr">
  <div class="v-application__wrap">
    <header data-v-d1b168af="" class="v-toolbar v-toolbar--density-default bg-primary v-theme--light v-locale--is-ltr v-app-bar" style="top: 0px; z-index: 1004; transform: translateY(0%); position: fixed; transition: none !important;" prominent="">
      <!---->
      <div class="v-toolbar__content" style="height: 64px;">
        <!---->
        <!----><button data-v-d1b168af="" type="button" class="v-btn v-btn--icon v-theme--light v-btn--density-default v-btn--size-default v-btn--variant-text hidden-lg-and-up v-app-bar-nav-icon" data-test="btn-drawer"><span class="v-btn__overlay"></span><span class="v-btn__underlay"></span>
          <!----><span class="v-btn__content" data-no-activator=""><i class="mdi-menu mdi v-icon notranslate v-theme--light v-icon--size-default" aria-hidden="true"></i></span>
          <!---->
          <!---->
        </button>
        <div data-v-d1b168af="" class="v-toolbar-title flex-grow-0 flex-shrink-1 flex-basis-auto mr-4 v-app-bar-title">
          <div class="v-toolbar-title__placeholder">
            <!---->Mango Boilerplate
          </div>
        </div>
        <p data-v-d1b168af="" class="hidden-md-and-down mx-4"> | </p><a data-v-d1b168af="" class="v-btn v-theme--light v-btn--density-default v-btn--size-default v-btn--variant-text hidden-md-and-down" data-test="btn-nav-home"><span class="v-btn__overlay"></span><span class="v-btn__underlay"></span>
          <!----><span class="v-btn__content" data-no-activator="">Home</span>
          <!---->
          <!---->
        </a><a data-v-d1b168af="" class="v-btn v-theme--light v-btn--density-default v-btn--size-default v-btn--variant-text text-medium-emphasis hidden-md-and-down" data-test="btn-nav-counter"><span class="v-btn__overlay"></span><span class="v-btn__underlay"></span>
          <!----><span class="v-btn__content" data-no-activator="">Counter</span>
          <!---->
          <!---->
        </a>
        <div data-v-d1b168af="" class="v-spacer"></div><button data-v-d1b168af="" type="button" class="v-btn v-btn--icon v-theme--light v-btn--density-default v-btn--size-default v-btn--variant-text"><span class="v-btn__overlay"></span><span class="v-btn__underlay"></span>
          <!----><span class="v-btn__content" data-no-activator=""><i data-v-d1b168af="" class="mdi-magnify mdi v-icon notranslate v-theme--light v-icon--size-default" aria-hidden="true"></i></span>
          <!---->
          <!---->
        </button><button data-v-d1b168af="" type="button" class="v-btn v-btn--icon v-theme--light v-btn--density-default v-btn--size-default v-btn--variant-text"><span class="v-btn__overlay"></span><span class="v-btn__underlay"></span>
          <!----><span class="v-btn__content" data-no-activator=""><i data-v-d1b168af="" class="mdi-dots-vertical mdi v-icon notranslate v-theme--light v-icon--size-default" aria-hidden="true"></i></span>
          <!---->
          <!---->
        </button>
        <!---->
      </div>
      <transition-stub name="expand-transition" appear="false" persisted="false" css="true">
        <!---->
      </transition-stub>
    </header>
    <nav class="v-navigation-drawer v-navigation-drawer--left v-navigation-drawer--temporary v-theme--light v-navigation-drawer--mobile hidden-lg-and-up" style="left: 0px; z-index: 1004; transform: translateX(-256px); position: absolute; transition: none !important;" data-v-d1b168af="">
      <!---->
      <!---->
      <div class="v-navigation-drawer__content">
        <div data-v-d1b168af="" class="v-list v-theme--light bg-transparent v-list--density-default v-list--one-line" tabindex="0" role="listbox"><a data-v-d1b168af="" class="v-list-item v-list-item--active v-list-item--link v-theme--light text-primary v-list-item--density-default v-list-item--one-line rounded-0 v-list-item--variant-text" tabindex="-2" data-test="btn-nav-home"><span class="v-list-item__overlay"></span><span class="v-list-item__underlay"></span>
            <div class="v-list-item__prepend"><i data-v-d1b168af="" class="mdi-home mdi v-icon notranslate v-theme--light v-icon--size-default" aria-hidden="true"></i>
              <div class="v-list-item__spacer"></div>
            </div>
            <div class="v-list-item__content" data-no-activator="">
              <!---->
              <!---->
              <div data-v-d1b168af="" class="v-list-item-title">Home</div>
            </div>
            <!---->
          </a><a data-v-d1b168af="" class="v-list-item v-list-item--link v-theme--light v-list-item--density-default v-list-item--one-line rounded-0 v-list-item--variant-text" tabindex="-2" data-test="btn-nav-counter"><span class="v-list-item__overlay"></span><span class="v-list-item__underlay"></span>
            <div class="v-list-item__prepend"><i data-v-d1b168af="" class="mdi-counter mdi v-icon notranslate v-theme--light v-icon--size-default" aria-hidden="true"></i>
              <div class="v-list-item__spacer"></div>
            </div>
            <div class="v-list-item__content" data-no-activator="">
              <!---->
              <!---->
              <div data-v-d1b168af="" class="v-list-item-title">Counter</div>
            </div>
            <!---->
          </a></div>
        <hr data-v-d1b168af="" class="v-divider v-theme--light" aria-orientation="horizontal" role="separator">
      </div>
      <!---->
    </nav>
    <transition-stub name="fade-transition" appear="false" persisted="false" css="true">
      <!---->
    </transition-stub>
    <main class="v-main" style="--v-layout-left: 0px; --v-layout-right: 0px; --v-layout-top: 0px; --v-layout-bottom: 0px; transition: none !important;">
      <div></div>
    </main>
  </div>
</div>"
`;
