// Vitest Snapshot v1, https://vitest.dev/guide/snapshot.html

exports[`Counter.vue > should render 1`] = `
"<div data-v-9bd91872="" class="text-center pa-8">
  <div data-v-9bd91872="" class="mb-6">
    <p data-v-9bd91872="" class="text-h4 font-weight-bold"> Counter </p>
    <p data-v-9bd91872="" class="text-medium-emphasis"> Increase by one </p>
  </div>
  <div data-v-9bd91872="" class="mb-4"><i data-v-9bd91872="" class="mdi-counter mdi v-icon notranslate v-theme--light v-icon--size-x-large" aria-hidden="true"></i>
    <p data-v-9bd91872="" data-test="count-number" class="text-h2">0</p>
  </div>
  <div data-v-9bd91872="" class="d-flex ma-auto max-width-button-group"><button data-v-9bd91872="" type="button" class="v-btn v-btn--elevated v-theme--light bg-error v-btn--density-default v-btn--size-default v-btn--variant-elevated mx-2" data-test="btn-reset" plain=""><span class="v-btn__overlay"></span><span class="v-btn__underlay"></span><span class="v-btn__prepend"><i class="mdi-numeric-0-box mdi v-icon notranslate v-theme--light v-icon--size-default" aria-hidden="true"></i></span><span class="v-btn__content" data-no-activator=""> Reset </span>
      <!---->
      <!---->
    </button><button data-v-9bd91872="" type="button" class="v-btn v-btn--elevated v-theme--light bg-success v-btn--density-default v-btn--size-default v-btn--variant-elevated mx-2" data-test="btn-increment" plain=""><span class="v-btn__overlay"></span><span class="v-btn__underlay"></span><span class="v-btn__prepend"><i data-v-9bd91872="" class="mdi-numeric-positive-1 mdi v-icon notranslate v-theme--light v-icon--size-default text-success icon-positive-1-bg" aria-hidden="true"></i></span><span class="v-btn__content" data-no-activator=""> Increase </span>
      <!---->
      <!---->
    </button></div>
</div>"
`;
